2026-08-17T07:23:520.236Z,59.787336,Logger,INFO Logger initialized
2026-08-17T07:25:020.736Z,130.287299,Incoming:Round,INFO Instance: Round (RemoteEvent)
	Path: game:GetService("ReplicatedStorage").Remotes.Round
	Status: Allowed
	Call Order In Log: 4
	-------------------- Event Data --------------------
	{
    CallOrderInLog = 4,
    DataFromHook = {
        Function = function(arg1, ...)
            --[[Name: Anonymous Function | Line: 167
            Upvalues: 4
            Function Hash: d07aab896c7c32841508a138a6c9ef4dcf08701052f3adfca41e62632177510ff021e92e2ad8bd5b8f655c30292e1e4d
            LuaEncode: Unable to serialize function]]
            return
        end,
        Arguments = {
            "Warn Disaster",
            "Earthquake! Get outside and stay away from buildings!",
            n = 2
        },
        Origin = game:GetService("Players").LocalPlayer.PlayerScripts["Client Loader"],
        IsExecutor = false,
        CreationTime = 1786980302.6465
    },
    EventType = "Incoming",
    RemoteInstanceInfo = {
        Path = "game:GetService(\"ReplicatedStorage\").Remotes.Round",
        Name = "Round",
        ClassName = "RemoteEvent"
    }
}
	-------------------- Generated Code --------------------
	-- This code was generated by Cobalt
-- https://gitlab.com/upio/cobalt

local Event = game:GetService("ReplicatedStorage").Remotes.Round
firesignal(Event.OnClientEvent, 
    "Warn Disaster",
    "Earthquake! Get outside and stay away from buildings!"
)
2026-08-17T07:25:030.765Z,130.317059,Incoming:Round,INFO Instance: Round (RemoteEvent)
	Path: game:GetService("ReplicatedStorage").Remotes.Round
	Status: Allowed
	Call Order In Log: 5
	-------------------- Event Data --------------------
	{
    CallOrderInLog = 5,
    DataFromHook = {
        Function = function(arg1, ...)
            --[[Name: Anonymous Function | Line: 152
            Upvalues: 1
            Function Hash: d10e15b2fe022286a2f7f82fe89b887f0eac106aa3b365f6eb87f46a7bb291d90ecd393ad5c80ce9c8cc5ff3a61f938c
            LuaEncode: Unable to serialize function]]
            return
        end,
        Arguments = {
            "Warn Disaster",
            "Earthquake! Get outside and stay away from buildings!",
            n = 2
        },
        Origin = game:GetService("Players").LocalPlayer.PlayerScripts["Client Loader"],
        IsExecutor = false,
        CreationTime = 1786980302.6465
    },
    EventType = "Incoming",
    RemoteInstanceInfo = {
        Path = "game:GetService(\"ReplicatedStorage\").Remotes.Round",
        Name = "Round",
        ClassName = "RemoteEvent"
    }
}
	-------------------- Generated Code --------------------
	-- This code was generated by Cobalt
-- https://gitlab.com/upio/cobalt

local Event = game:GetService("ReplicatedStorage").Remotes.Round
firesignal(Event.OnClientEvent, 
    "Warn Disaster",
    "Earthquake! Get outside and stay away from buildings!"
)
2026-08-17T07:25:030.790Z,130.341938,Incoming:Round,INFO Instance: Round (RemoteEvent)
	Path: game:GetService("ReplicatedStorage").Remotes.Round
	Status: Allowed
	Call Order In Log: 6
	-------------------- Event Data --------------------
	{
    CallOrderInLog = 6,
    DataFromHook = {
        Function = function(arg1, ...)
            --[[Name: Anonymous Function | Line: 14
            Upvalues: 1
            Function Hash: 09d2a4d9a051aad536f444d13872da8f1b059cca21fe31e49d5c7e597e59f23ab731956d15757fdecc390e4ea58b3844
            LuaEncode: Unable to serialize function]]
            return
        end,
        Arguments = {
            "Warn Disaster",
            "Earthquake! Get outside and stay away from buildings!",
            n = 2
        },
        Origin = game:GetService("Players").LocalPlayer.PlayerScripts["Client Loader"],
        IsExecutor = false,
        CreationTime = 1786980302.6465
    },
    EventType = "Incoming",
    RemoteInstanceInfo = {
        Path = "game:GetService(\"ReplicatedStorage\").Remotes.Round",
        Name = "Round",
        ClassName = "RemoteEvent"
    }
}
	-------------------- Generated Code --------------------
	-- This code was generated by Cobalt
-- https://gitlab.com/upio/cobalt

local Event = game:GetService("ReplicatedStorage").Remotes.Round
firesignal(Event.OnClientEvent, 
    "Warn Disaster",
    "Earthquake! Get outside and stay away from buildings!"
)
2026-08-17T07:25:080.469Z,136.021136,Outgoing:Lab,INFO Instance: Lab (RemoteEvent)
	Path: game:GetService("ReplicatedStorage").Remotes.Lab
	Status: Allowed
	Call Order In Log: 2
	-------------------- Event Data --------------------
	{
    CallOrderInLog = 2,
    DataFromHook = {
        IsExecutor = false,
        Arguments = {
            "Exit Lab",
            n = 1
        },
        CreationTime = 1786980308.4121,
        Origin = game:GetService("Players").LocalPlayer.PlayerScripts["Client Loader"]
    },
    EventType = "Outgoing",
    RemoteInstanceInfo = {
        Path = "game:GetService(\"ReplicatedStorage\").Remotes.Lab",
        Name = "Lab",
        ClassName = "RemoteEvent"
    }
}
	-------------------- Generated Code --------------------
	-- This code was generated by Cobalt
-- https://gitlab.com/upio/cobalt

local Event = game:GetService("ReplicatedStorage").Remotes.Lab
Event:FireServer(
    "Exit Lab"
)
2026-08-17T07:25:210.140Z,148.692130,Outgoing:Event,INFO Instance: Event (RemoteEvent)
	Path: game:GetService("ReplicatedStorage").Event
	Status: Allowed
	Call Order In Log: 1
	-------------------- Event Data --------------------
	{
    CallOrderInLog = 1,
    DataFromHook = {
        IsExecutor = false,
        Arguments = {
            "ClickedApple",
            n = 1
        },
        CreationTime = 1786980321.0921,
        Origin = game:GetService("Players").LocalPlayer.PlayerGui.MainGui.LocalGuiScript
    },
    EventType = "Outgoing",
    RemoteInstanceInfo = {
        Path = "game:GetService(\"ReplicatedStorage\").Event",
        Name = "Event",
        ClassName = "RemoteEvent"
    }
}
	-------------------- Generated Code --------------------
	-- This code was generated by Cobalt
-- https://gitlab.com/upio/cobalt

local Event = game:GetService("ReplicatedStorage").Event
Event:FireServer(
    "ClickedApple"
)
2026-08-17T07:25:260.324Z,153.875424,Outgoing:Event,INFO Instance: Event (RemoteEvent)
	Path: game:GetService("ReplicatedStorage").Event
	Status: Allowed
	Call Order In Log: 2
	-------------------- Event Data --------------------
	{
    CallOrderInLog = 2,
    DataFromHook = {
        IsExecutor = false,
        Arguments = {
            "ClickedApple",
            n = 1
        },
        CreationTime = 1786980326.289,
        Origin = game:GetService("Players").LocalPlayer.PlayerGui.MainGui.LocalGuiScript
    },
    EventType = "Outgoing",
    RemoteInstanceInfo = {
        Path = "game:GetService(\"ReplicatedStorage\").Event",
        Name = "Event",
        ClassName = "RemoteEvent"
    }
}
	-------------------- Generated Code --------------------
	-- This code was generated by Cobalt
-- https://gitlab.com/upio/cobalt

local Event = game:GetService("ReplicatedStorage").Event
Event:FireServer(
    "ClickedApple"
)
2026-08-17T07:25:440.905Z,171.456643,Outgoing:Event,INFO Instance: Event (RemoteEvent)
	Path: game:GetService("ReplicatedStorage").Event
	Status: Allowed
	Call Order In Log: 3
	-------------------- Event Data --------------------
	{
    CallOrderInLog = 3,
    DataFromHook = {
        IsExecutor = false,
        Arguments = {
            "ClickedBalloon",
            n = 1
        },
        CreationTime = 1786980343.8457,
        Origin = game:GetService("Players").LocalPlayer.PlayerGui.MainGui.LocalGuiScript
    },
    EventType = "Outgoing",
    RemoteInstanceInfo = {
        Path = "game:GetService(\"ReplicatedStorage\").Event",
        Name = "Event",
        ClassName = "RemoteEvent"
    }
}
	-------------------- Generated Code --------------------
	-- This code was generated by Cobalt
-- https://gitlab.com/upio/cobalt

local Event = game:GetService("ReplicatedStorage").Event
Event:FireServer(
    "ClickedBalloon"
)
2026-08-17T07:25:440.049Z,171.600737,Outgoing:Event,INFO Instance: Event (RemoteEvent)
	Path: game:GetService("ReplicatedStorage").Event
	Status: Allowed
	Call Order In Log: 4
	-------------------- Event Data --------------------
	{
    CallOrderInLog = 4,
    DataFromHook = {
        IsExecutor = false,
        Arguments = {
            "ClickedBalloon",
            n = 1
        },
        CreationTime = 1786980344.0041,
        Origin = game:GetService("Players").LocalPlayer.PlayerGui.MainGui.LocalGuiScript
    },
    EventType = "Outgoing",
    RemoteInstanceInfo = {
        Path = "game:GetService(\"ReplicatedStorage\").Event",
        Name = "Event",
        ClassName = "RemoteEvent"
    }
}
	-------------------- Generated Code --------------------
	-- This code was generated by Cobalt
-- https://gitlab.com/upio/cobalt

local Event = game:GetService("ReplicatedStorage").Event
Event:FireServer(
    "ClickedBalloon"
)
2026-08-17T07:25:440.193Z,171.744694,Outgoing:Event,INFO Instance: Event (RemoteEvent)
	Path: game:GetService("ReplicatedStorage").Event
	Status: Allowed
	Call Order In Log: 5
	-------------------- Event Data --------------------
	{
    CallOrderInLog = 5,
    DataFromHook = {
        IsExecutor = false,
        Arguments = {
            "ClickedBalloon",
            n = 1
        },
        CreationTime = 1786980344.1545,
        Origin = game:GetService("Players").LocalPlayer.PlayerGui.MainGui.LocalGuiScript
    },
    EventType = "Outgoing",
    RemoteInstanceInfo = {
        Path = "game:GetService(\"ReplicatedStorage\").Event",
        Name = "Event",
        ClassName = "RemoteEvent"
    }
}
	-------------------- Generated Code --------------------
	-- This code was generated by Cobalt
-- https://gitlab.com/upio/cobalt

local Event = game:GetService("ReplicatedStorage").Event
Event:FireServer(
    "ClickedBalloon"
)
2026-08-17T07:25:440.332Z,171.883661,Outgoing:Event,INFO Instance: Event (RemoteEvent)
	Path: game:GetService("ReplicatedStorage").Event
	Status: Allowed
	Call Order In Log: 6
	-------------------- Event Data --------------------
	{
    CallOrderInLog = 6,
    DataFromHook = {
        IsExecutor = false,
        Arguments = {
            "ClickedBalloon",
            n = 1
        },
        CreationTime = 1786980344.311,
        Origin = game:GetService("Players").LocalPlayer.PlayerGui.MainGui.LocalGuiScript
    },
    EventType = "Outgoing",
    RemoteInstanceInfo = {
        Path = "game:GetService(\"ReplicatedStorage\").Event",
        Name = "Event",
        ClassName = "RemoteEvent"
    }
}
	-------------------- Generated Code --------------------
	-- This code was generated by Cobalt
-- https://gitlab.com/upio/cobalt

local Event = game:GetService("ReplicatedStorage").Event
Event:FireServer(
    "ClickedBalloon"
)
2026-08-17T07:26:430.795Z,230.346612,Incoming:Round,INFO Instance: Round (RemoteEvent)
	Path: game:GetService("ReplicatedStorage").Remotes.Round
	Status: Allowed
	Call Order In Log: 7
	-------------------- Event Data --------------------
	{
    CallOrderInLog = 7,
    DataFromHook = {
        Function = function(arg1, ...)
            --[[Name: Anonymous Function | Line: 167
            Upvalues: 4
            Function Hash: d07aab896c7c32841508a138a6c9ef4dcf08701052f3adfca41e62632177510ff021e92e2ad8bd5b8f655c30292e1e4d
            LuaEncode: Unable to serialize function]]
            return
        end,
        Arguments = {
            "Display Survivors",
            {
                {
                    Health = 100,
                    Player = game:GetService("Players").xy135xy135
                }
            },
            n = 2
        },
        Origin = game:GetService("Players").LocalPlayer.PlayerScripts["Client Loader"],
        IsExecutor = false,
        CreationTime = 1786980402.7461
    },
    EventType = "Incoming",
    RemoteInstanceInfo = {
        Path = "game:GetService(\"ReplicatedStorage\").Remotes.Round",
        Name = "Round",
        ClassName = "RemoteEvent"
    }
}
	-------------------- Generated Code --------------------
	-- This code was generated by Cobalt
-- https://gitlab.com/upio/cobalt

local Event = game:GetService("ReplicatedStorage").Remotes.Round
firesignal(Event.OnClientEvent, 
    "Display Survivors",
    {
        {
            Health = 100,
            Player = game:GetService("Players").xy135xy135
        }
    }
)
2026-08-17T07:26:430.825Z,230.376286,Incoming:Round,INFO Instance: Round (RemoteEvent)
	Path: game:GetService("ReplicatedStorage").Remotes.Round
	Status: Allowed
	Call Order In Log: 8
	-------------------- Event Data --------------------
	{
    CallOrderInLog = 8,
    DataFromHook = {
        Function = function(arg1, ...)
            --[[Name: Anonymous Function | Line: 152
            Upvalues: 1
            Function Hash: d10e15b2fe022286a2f7f82fe89b887f0eac106aa3b365f6eb87f46a7bb291d90ecd393ad5c80ce9c8cc5ff3a61f938c
            LuaEncode: Unable to serialize function]]
            return
        end,
        Arguments = {
            "Display Survivors",
            {
                {
                    Health = 100,
                    Player = game:GetService("Players").xy135xy135
                }
            },
            n = 2
        },
        Origin = game:GetService("Players").LocalPlayer.PlayerScripts["Client Loader"],
        IsExecutor = false,
        CreationTime = 1786980402.7461
    },
    EventType = "Incoming",
    RemoteInstanceInfo = {
        Path = "game:GetService(\"ReplicatedStorage\").Remotes.Round",
        Name = "Round",
        ClassName = "RemoteEvent"
    }
}
	-------------------- Generated Code --------------------
	-- This code was generated by Cobalt
-- https://gitlab.com/upio/cobalt

local Event = game:GetService("ReplicatedStorage").Remotes.Round
firesignal(Event.OnClientEvent, 
    "Display Survivors",
    {
        {
            Health = 100,
            Player = game:GetService("Players").xy135xy135
        }
    }
)
2026-08-17T07:26:430.862Z,230.413599,Incoming:Round,INFO Instance: Round (RemoteEvent)
	Path: game:GetService("ReplicatedStorage").Remotes.Round
	Status: Allowed
	Call Order In Log: 9
	-------------------- Event Data --------------------
	{
    CallOrderInLog = 9,
    DataFromHook = {
        Function = function(arg1, ...)
            --[[Name: Anonymous Function | Line: 14
            Upvalues: 1
            Function Hash: 09d2a4d9a051aad536f444d13872da8f1b059cca21fe31e49d5c7e597e59f23ab731956d15757fdecc390e4ea58b3844
            LuaEncode: Unable to serialize function]]
            return
        end,
        Arguments = {
            "Display Survivors",
            {
                {
                    Health = 100,
                    Player = game:GetService("Players").xy135xy135
                }
            },
            n = 2
        },
        Origin = game:GetService("Players").LocalPlayer.PlayerScripts["Client Loader"],
        IsExecutor = false,
        CreationTime = 1786980402.7461
    },
    EventType = "Incoming",
    RemoteInstanceInfo = {
        Path = "game:GetService(\"ReplicatedStorage\").Remotes.Round",
        Name = "Round",
        ClassName = "RemoteEvent"
    }
}
	-------------------- Generated Code --------------------
	-- This code was generated by Cobalt
-- https://gitlab.com/upio/cobalt

local Event = game:GetService("ReplicatedStorage").Remotes.Round
firesignal(Event.OnClientEvent, 
    "Display Survivors",
    {
        {
            Health = 100,
            Player = game:GetService("Players").xy135xy135
        }
    }
)
2026-08-17T07:27:160.253Z,263.804508,Outgoing:Lab,INFO Instance: Lab (RemoteEvent)
	Path: game:GetService("ReplicatedStorage").Remotes.Lab
	Status: Allowed
	Call Order In Log: 3
	-------------------- Event Data --------------------
	{
    CallOrderInLog = 3,
    DataFromHook = {
        IsExecutor = false,
        Arguments = {
            "Exit Lab",
            n = 1
        },
        CreationTime = 1786980436.2066,
        Origin = game:GetService("Players").LocalPlayer.PlayerScripts["Client Loader"]
    },
    EventType = "Outgoing",
    RemoteInstanceInfo = {
        Path = "game:GetService(\"ReplicatedStorage\").Remotes.Lab",
        Name = "Lab",
        ClassName = "RemoteEvent"
    }
}
	-------------------- Generated Code --------------------
	-- This code was generated by Cobalt
-- https://gitlab.com/upio/cobalt

local Event = game:GetService("ReplicatedStorage").Remotes.Lab
Event:FireServer(
    "Exit Lab"
)
2026-08-17T07:27:400.885Z,287.436650,Outgoing:Lab,INFO Instance: Lab (RemoteEvent)
	Path: game:GetService("ReplicatedStorage").Remotes.Lab
	Status: Allowed
	Call Order In Log: 4
	-------------------- Event Data --------------------
	{
    CallOrderInLog = 4,
    DataFromHook = {
        IsExecutor = false,
        Arguments = {
            "Enter Lab",
            n = 1
        },
        CreationTime = 1786980459.8177,
        Origin = game:GetService("Players").LocalPlayer.PlayerScripts["Client Loader"]
    },
    EventType = "Outgoing",
    RemoteInstanceInfo = {
        Path = "game:GetService(\"ReplicatedStorage\").Remotes.Lab",
        Name = "Lab",
        ClassName = "RemoteEvent"
    }
}
	-------------------- Generated Code --------------------
	-- This code was generated by Cobalt
-- https://gitlab.com/upio/cobalt

local Event = game:GetService("ReplicatedStorage").Remotes.Lab
Event:FireServer(
    "Enter Lab"
)
2026-08-17T07:27:570.004Z,304.555759,Incoming:Round,INFO Instance: Round (RemoteEvent)
	Path: game:GetService("ReplicatedStorage").Remotes.Round
	Status: Allowed
	Call Order In Log: 10
	-------------------- Event Data --------------------
	{
    CallOrderInLog = 10,
    DataFromHook = {
        Function = function(arg1, ...)
            --[[Name: Anonymous Function | Line: 167
            Upvalues: 4
            Function Hash: d07aab896c7c32841508a138a6c9ef4dcf08701052f3adfca41e62632177510ff021e92e2ad8bd5b8f655c30292e1e4d
            LuaEncode: Unable to serialize function]]
            return
        end,
        Arguments = {
            "Warn Disaster",
            "Tornado! Stay clear of its path!",
            n = 2
        },
        Origin = game:GetService("Players").LocalPlayer.PlayerScripts["Client Loader"],
        IsExecutor = false,
        CreationTime = 1786980476.9657
    },
    EventType = "Incoming",
    RemoteInstanceInfo = {
        Path = "game:GetService(\"ReplicatedStorage\").Remotes.Round",
        Name = "Round",
        ClassName = "RemoteEvent"
    }
}
	-------------------- Generated Code --------------------
	-- This code was generated by Cobalt
-- https://gitlab.com/upio/cobalt

local Event = game:GetService("ReplicatedStorage").Remotes.Round
firesignal(Event.OnClientEvent, 
    "Warn Disaster",
    "Tornado! Stay clear of its path!"
)
2026-08-17T07:27:570.026Z,304.577448,Incoming:Round,INFO Instance: Round (RemoteEvent)
	Path: game:GetService("ReplicatedStorage").Remotes.Round
	Status: Allowed
	Call Order In Log: 11
	-------------------- Event Data --------------------
	{
    CallOrderInLog = 11,
    DataFromHook = {
        Function = function(arg1, ...)
            --[[Name: Anonymous Function | Line: 152
            Upvalues: 1
            Function Hash: d10e15b2fe022286a2f7f82fe89b887f0eac106aa3b365f6eb87f46a7bb291d90ecd393ad5c80ce9c8cc5ff3a61f938c
            LuaEncode: Unable to serialize function]]
            return
        end,
        Arguments = {
            "Warn Disaster",
            "Tornado! Stay clear of its path!",
            n = 2
        },
        Origin = game:GetService("Players").LocalPlayer.PlayerScripts["Client Loader"],
        IsExecutor = false,
        CreationTime = 1786980476.9658
    },
    EventType = "Incoming",
    RemoteInstanceInfo = {
        Path = "game:GetService(\"ReplicatedStorage\").Remotes.Round",
        Name = "Round",
        ClassName = "RemoteEvent"
    }
}
	-------------------- Generated Code --------------------
	-- This code was generated by Cobalt
-- https://gitlab.com/upio/cobalt

local Event = game:GetService("ReplicatedStorage").Remotes.Round
firesignal(Event.OnClientEvent, 
    "Warn Disaster",
    "Tornado! Stay clear of its path!"
)
2026-08-17T07:27:570.046Z,304.597213,Incoming:Round,INFO Instance: Round (RemoteEvent)
	Path: game:GetService("ReplicatedStorage").Remotes.Round
	Status: Allowed
	Call Order In Log: 12
	-------------------- Event Data --------------------
	{
    CallOrderInLog = 12,
    DataFromHook = {
        Function = function(arg1, ...)
            --[[Name: Anonymous Function | Line: 14
            Upvalues: 1
            Function Hash: 09d2a4d9a051aad536f444d13872da8f1b059cca21fe31e49d5c7e597e59f23ab731956d15757fdecc390e4ea58b3844
            LuaEncode: Unable to serialize function]]
            return
        end,
        Arguments = {
            "Warn Disaster",
            "Tornado! Stay clear of its path!",
            n = 2
        },
        Origin = game:GetService("Players").LocalPlayer.PlayerScripts["Client Loader"],
        IsExecutor = false,
        CreationTime = 1786980476.9658
    },
    EventType = "Incoming",
    RemoteInstanceInfo = {
        Path = "game:GetService(\"ReplicatedStorage\").Remotes.Round",
        Name = "Round",
        ClassName = "RemoteEvent"
    }
}
	-------------------- Generated Code --------------------
	-- This code was generated by Cobalt
-- https://gitlab.com/upio/cobalt

local Event = game:GetService("ReplicatedStorage").Remotes.Round
firesignal(Event.OnClientEvent, 
    "Warn Disaster",
    "Tornado! Stay clear of its path!"
)
2026-08-17T07:28:090.979Z,316.530810,Outgoing:Lab,INFO Instance: Lab (RemoteEvent)
	Path: game:GetService("ReplicatedStorage").Remotes.Lab
	Status: Allowed
	Call Order In Log: 5
	-------------------- Event Data --------------------
	{
    CallOrderInLog = 5,
    DataFromHook = {
        IsExecutor = false,
        Arguments = {
            "Exit Lab",
            n = 1
        },
        CreationTime = 1786980488.9251,
        Origin = game:GetService("Players").LocalPlayer.PlayerScripts["Client Loader"]
    },
    EventType = "Outgoing",
    RemoteInstanceInfo = {
        Path = "game:GetService(\"ReplicatedStorage\").Remotes.Lab",
        Name = "Lab",
        ClassName = "RemoteEvent"
    }
}
	-------------------- Generated Code --------------------
	-- This code was generated by Cobalt
-- https://gitlab.com/upio/cobalt

local Event = game:GetService("ReplicatedStorage").Remotes.Lab
Event:FireServer(
    "Exit Lab"
)
2026-08-17T07:29:270.487Z,395.039156,Incoming:Round,INFO Instance: Round (RemoteEvent)
	Path: game:GetService("ReplicatedStorage").Remotes.Round
	Status: Allowed
	Call Order In Log: 13
	-------------------- Event Data --------------------
	{
    CallOrderInLog = 13,
    DataFromHook = {
        Function = function(arg1, ...)
            --[[Name: Anonymous Function | Line: 167
            Upvalues: 4
            Function Hash: d07aab896c7c32841508a138a6c9ef4dcf08701052f3adfca41e62632177510ff021e92e2ad8bd5b8f655c30292e1e4d
            LuaEncode: Unable to serialize function]]
            return
        end,
        Arguments = {
            "Display Survivors",
            {
                {
                    Health = 95.801063537598,
                    Player = game:GetService("Players").oITxTlo
                },
                {
                    Health = 86.463485717773,
                    Player = game:GetService("Players").SB117_NOMusic
                },
                {
                    Health = 58.285285949707,
                    Player = game:GetService("Players").wanoxq520
                },
                {
                    Health = 100,
                    Player = game:GetService("Players").xy135xy135
                },
                {
                    Health = 100,
                    Player = game:GetService("Players").fdcjfwu
                },
                {
                    Health = 113.70343017578,
                    Player = game:GetService("Players").carpace556
                }
            },
            n = 2
        },
        Origin = game:GetService("Players").LocalPlayer.PlayerScripts["Client Loader"],
        IsExecutor = false,
        CreationTime = 1786980567.3983
    },
    EventType = "Incoming",
    RemoteInstanceInfo = {
        Path = "game:GetService(\"ReplicatedStorage\").Remotes.Round",
        Name = "Round",
        ClassName = "RemoteEvent"
    }
}
	-------------------- Generated Code --------------------
	-- This code was generated by Cobalt
-- https://gitlab.com/upio/cobalt

local Event = game:GetService("ReplicatedStorage").Remotes.Round
firesignal(Event.OnClientEvent, 
    "Display Survivors",
    {
        {
            Health = 95.801063537598,
            Player = game:GetService("Players").oITxTlo
        },
        {
            Health = 86.463485717773,
            Player = game:GetService("Players").SB117_NOMusic
        },
        {
            Health = 58.285285949707,
            Player = game:GetService("Players").wanoxq520
        },
        {
            Health = 100,
            Player = game:GetService("Players").xy135xy135
        },
        {
            Health = 100,
            Player = game:GetService("Players").fdcjfwu
        },
        {
            Health = 113.70343017578,
            Player = game:GetService("Players").carpace556
        }
    }
)
2026-08-17T07:29:270.547Z,395.098427,Incoming:Round,INFO Instance: Round (RemoteEvent)
	Path: game:GetService("ReplicatedStorage").Remotes.Round
	Status: Allowed
	Call Order In Log: 14
	-------------------- Event Data --------------------
	{
    CallOrderInLog = 14,
    DataFromHook = {
        Function = function(arg1, ...)
            --[[Name: Anonymous Function | Line: 152
            Upvalues: 1
            Function Hash: d10e15b2fe022286a2f7f82fe89b887f0eac106aa3b365f6eb87f46a7bb291d90ecd393ad5c80ce9c8cc5ff3a61f938c
            LuaEncode: Unable to serialize function]]
            return
        end,
        Arguments = {
            "Display Survivors",
            {
                {
                    Health = 95.801063537598,
                    Player = game:GetService("Players").oITxTlo
                },
                {
                    Health = 86.463485717773,
                    Player = game:GetService("Players").SB117_NOMusic
                },
                {
                    Health = 58.285285949707,
                    Player = game:GetService("Players").wanoxq520
                },
                {
                    Health = 100,
                    Player = game:GetService("Players").xy135xy135
                },
                {
                    Health = 100,
                    Player = game:GetService("Players").fdcjfwu
                },
                {
                    Health = 113.70343017578,
                    Player = game:GetService("Players").carpace556
                }
            },
            n = 2
        },
        Origin = game:GetService("Players").LocalPlayer.PlayerScripts["Client Loader"],
        IsExecutor = false,
        CreationTime = 1786980567.3983
    },
    EventType = "Incoming",
    RemoteInstanceInfo = {
        Path = "game:GetService(\"ReplicatedStorage\").Remotes.Round",
        Name = "Round",
        ClassName = "RemoteEvent"
    }
}
	-------------------- Generated Code --------------------
	-- This code was generated by Cobalt
-- https://gitlab.com/upio/cobalt

local Event = game:GetService("ReplicatedStorage").Remotes.Round
firesignal(Event.OnClientEvent, 
    "Display Survivors",
    {
        {
            Health = 95.801063537598,
            Player = game:GetService("Players").oITxTlo
        },
        {
            Health = 86.463485717773,
            Player = game:GetService("Players").SB117_NOMusic
        },
        {
            Health = 58.285285949707,
            Player = game:GetService("Players").wanoxq520
        },
        {
            Health = 100,
            Player = game:GetService("Players").xy135xy135
        },
        {
            Health = 100,
            Player = game:GetService("Players").fdcjfwu
        },
        {
            Health = 113.70343017578,
            Player = game:GetService("Players").carpace556
        }
    }
)
2026-08-17T07:29:270.578Z,395.129823,Incoming:Round,INFO Instance: Round (RemoteEvent)
	Path: game:GetService("ReplicatedStorage").Remotes.Round
	Status: Allowed
	Call Order In Log: 15
	-------------------- Event Data --------------------
	{
    CallOrderInLog = 15,
    DataFromHook = {
        Function = function(arg1, ...)
            --[[Name: Anonymous Function | Line: 14
            Upvalues: 1
            Function Hash: 09d2a4d9a051aad536f444d13872da8f1b059cca21fe31e49d5c7e597e59f23ab731956d15757fdecc390e4ea58b3844
            LuaEncode: Unable to serialize function]]
            return
        end,
        Arguments = {
            "Display Survivors",
            {
                {
                    Health = 95.801063537598,
                    Player = game:GetService("Players").oITxTlo
                },
                {
                    Health = 86.463485717773,
                    Player = game:GetService("Players").SB117_NOMusic
                },
                {
                    Health = 58.285285949707,
                    Player = game:GetService("Players").wanoxq520
                },
                {
                    Health = 100,
                    Player = game:GetService("Players").xy135xy135
                },
                {
                    Health = 100,
                    Player = game:GetService("Players").fdcjfwu
                },
                {
                    Health = 113.70343017578,
                    Player = game:GetService("Players").carpace556
                }
            },
            n = 2
        },
        Origin = game:GetService("Players").LocalPlayer.PlayerScripts["Client Loader"],
        IsExecutor = false,
        CreationTime = 1786980567.3983
    },
    EventType = "Incoming",
    RemoteInstanceInfo = {
        Path = "game:GetService(\"ReplicatedStorage\").Remotes.Round",
        Name = "Round",
        ClassName = "RemoteEvent"
    }
}
	-------------------- Generated Code --------------------
	-- This code was generated by Cobalt
-- https://gitlab.com/upio/cobalt

local Event = game:GetService("ReplicatedStorage").Remotes.Round
firesignal(Event.OnClientEvent, 
    "Display Survivors",
    {
        {
            Health = 95.801063537598,
            Player = game:GetService("Players").oITxTlo
        },
        {
            Health = 86.463485717773,
            Player = game:GetService("Players").SB117_NOMusic
        },
        {
            Health = 58.285285949707,
            Player = game:GetService("Players").wanoxq520
        },
        {
            Health = 100,
            Player = game:GetService("Players").xy135xy135
        },
        {
            Health = 100,
            Player = game:GetService("Players").fdcjfwu
        },
        {
            Health = 113.70343017578,
            Player = game:GetService("Players").carpace556
        }
    }
)
2026-08-17T07:30:050.908Z,432.459700,Outgoing:Lab,INFO Instance: Lab (RemoteEvent)
	Path: game:GetService("ReplicatedStorage").Remotes.Lab
	Status: Allowed
	Call Order In Log: 6
	-------------------- Event Data --------------------
	{
    CallOrderInLog = 6,
    DataFromHook = {
        IsExecutor = false,
        Arguments = {
            "Exit Lab",
            n = 1
        },
        CreationTime = 1786980604.8415,
        Origin = game:GetService("Players").LocalPlayer.PlayerScripts["Client Loader"]
    },
    EventType = "Outgoing",
    RemoteInstanceInfo = {
        Path = "game:GetService(\"ReplicatedStorage\").Remotes.Lab",
        Name = "Lab",
        ClassName = "RemoteEvent"
    }
}
	-------------------- Generated Code --------------------
	-- This code was generated by Cobalt
-- https://gitlab.com/upio/cobalt

local Event = game:GetService("ReplicatedStorage").Remotes.Lab
Event:FireServer(
    "Exit Lab"
)
2026-08-17T07:30:440.540Z,472.091672,Incoming:Round,INFO Instance: Round (RemoteEvent)
	Path: game:GetService("ReplicatedStorage").Remotes.Round
	Status: Allowed
	Call Order In Log: 16
	-------------------- Event Data --------------------
	{
    CallOrderInLog = 16,
    DataFromHook = {
        Function = function(arg1, ...)
            --[[Name: Anonymous Function | Line: 167
            Upvalues: 4
            Function Hash: d07aab896c7c32841508a138a6c9ef4dcf08701052f3adfca41e62632177510ff021e92e2ad8bd5b8f655c30292e1e4d
            LuaEncode: Unable to serialize function]]
            return
        end,
        Arguments = {
            "Warn Disaster",
            "Fire! Keep distance from the fire!",
            n = 2
        },
        Origin = game:GetService("Players").LocalPlayer.PlayerScripts["Client Loader"],
        IsExecutor = false,
        CreationTime = 1786980644.5157
    },
    EventType = "Incoming",
    RemoteInstanceInfo = {
        Path = "game:GetService(\"ReplicatedStorage\").Remotes.Round",
        Name = "Round",
        ClassName = "RemoteEvent"
    }
}
	-------------------- Generated Code --------------------
	-- This code was generated by Cobalt
-- https://gitlab.com/upio/cobalt

local Event = game:GetService("ReplicatedStorage").Remotes.Round
firesignal(Event.OnClientEvent, 
    "Warn Disaster",
    "Fire! Keep distance from the fire!"
)
2026-08-17T07:30:440.567Z,472.118741,Incoming:Round,INFO Instance: Round (RemoteEvent)
	Path: game:GetService("ReplicatedStorage").Remotes.Round
	Status: Allowed
	Call Order In Log: 17
	-------------------- Event Data --------------------
	{
    CallOrderInLog = 17,
    DataFromHook = {
        Function = function(arg1, ...)
            --[[Name: Anonymous Function | Line: 152
            Upvalues: 1
            Function Hash: d10e15b2fe022286a2f7f82fe89b887f0eac106aa3b365f6eb87f46a7bb291d90ecd393ad5c80ce9c8cc5ff3a61f938c
            LuaEncode: Unable to serialize function]]
            return
        end,
        Arguments = {
            "Warn Disaster",
            "Fire! Keep distance from the fire!",
            n = 2
        },
        Origin = game:GetService("Players").LocalPlayer.PlayerScripts["Client Loader"],
        IsExecutor = false,
        CreationTime = 1786980644.5157
    },
    EventType = "Incoming",
    RemoteInstanceInfo = {
        Path = "game:GetService(\"ReplicatedStorage\").Remotes.Round",
        Name = "Round",
        ClassName = "RemoteEvent"
    }
}
	-------------------- Generated Code --------------------
	-- This code was generated by Cobalt
-- https://gitlab.com/upio/cobalt

local Event = game:GetService("ReplicatedStorage").Remotes.Round
firesignal(Event.OnClientEvent, 
    "Warn Disaster",
    "Fire! Keep distance from the fire!"
)
2026-08-17T07:30:440.590Z,472.141917,Incoming:Round,INFO Instance: Round (RemoteEvent)
	Path: game:GetService("ReplicatedStorage").Remotes.Round
	Status: Allowed
	Call Order In Log: 18
	-------------------- Event Data --------------------
	{
    CallOrderInLog = 18,
    DataFromHook = {
        Function = function(arg1, ...)
            --[[Name: Anonymous Function | Line: 14
            Upvalues: 1
            Function Hash: 09d2a4d9a051aad536f444d13872da8f1b059cca21fe31e49d5c7e597e59f23ab731956d15757fdecc390e4ea58b3844
            LuaEncode: Unable to serialize function]]
            return
        end,
        Arguments = {
            "Warn Disaster",
            "Fire! Keep distance from the fire!",
            n = 2
        },
        Origin = game:GetService("Players").LocalPlayer.PlayerScripts["Client Loader"],
        IsExecutor = false,
        CreationTime = 1786980644.5157
    },
    EventType = "Incoming",
    RemoteInstanceInfo = {
        Path = "game:GetService(\"ReplicatedStorage\").Remotes.Round",
        Name = "Round",
        ClassName = "RemoteEvent"
    }
}
	-------------------- Generated Code --------------------
	-- This code was generated by Cobalt
-- https://gitlab.com/upio/cobalt

local Event = game:GetService("ReplicatedStorage").Remotes.Round
firesignal(Event.OnClientEvent, 
    "Warn Disaster",
    "Fire! Keep distance from the fire!"
)
2026-08-17T07:31:170.454Z,505.005699,Outgoing:Lab,INFO Instance: Lab (RemoteEvent)
	Path: game:GetService("ReplicatedStorage").Remotes.Lab
	Status: Allowed
	Call Order In Log: 7
	-------------------- Event Data --------------------
	{
    CallOrderInLog = 7,
    DataFromHook = {
        IsExecutor = false,
        Arguments = {
            "Exit Lab",
            n = 1
        },
        CreationTime = 1786980677.3486,
        Origin = game:GetService("Players").LocalPlayer.PlayerScripts["Client Loader"]
    },
    EventType = "Outgoing",
    RemoteInstanceInfo = {
        Path = "game:GetService(\"ReplicatedStorage\").Remotes.Lab",
        Name = "Lab",
        ClassName = "RemoteEvent"
    }
}
	-------------------- Generated Code --------------------
	-- This code was generated by Cobalt
-- https://gitlab.com/upio/cobalt

local Event = game:GetService("ReplicatedStorage").Remotes.Lab
Event:FireServer(
    "Exit Lab"
)
2026-08-17T07:32:040.979Z,551.530932,Outgoing:Lab,INFO Instance: Lab (RemoteEvent)
	Path: game:GetService("ReplicatedStorage").Remotes.Lab
	Status: Allowed
	Call Order In Log: 8
	-------------------- Event Data --------------------
	{
    CallOrderInLog = 8,
    DataFromHook = {
        IsExecutor = false,
        Arguments = {
            "Exit Lab",
            n = 1
        },
        CreationTime = 1786980723.8768,
        Origin = game:GetService("Players").LocalPlayer.PlayerScripts["Client Loader"]
    },
    EventType = "Outgoing",
    RemoteInstanceInfo = {
        Path = "game:GetService(\"ReplicatedStorage\").Remotes.Lab",
        Name = "Lab",
        ClassName = "RemoteEvent"
    }
}
	-------------------- Generated Code --------------------
	-- This code was generated by Cobalt
-- https://gitlab.com/upio/cobalt

local Event = game:GetService("ReplicatedStorage").Remotes.Lab
Event:FireServer(
    "Exit Lab"
)
2026-08-17T07:32:150.796Z,562.347875,Incoming:Round,INFO Instance: Round (RemoteEvent)
	Path: game:GetService("ReplicatedStorage").Remotes.Round
	Status: Allowed
	Call Order In Log: 19
	-------------------- Event Data --------------------
	{
    CallOrderInLog = 19,
    DataFromHook = {
        Function = function(arg1, ...)
            --[[Name: Anonymous Function | Line: 167
            Upvalues: 4
            Function Hash: d07aab896c7c32841508a138a6c9ef4dcf08701052f3adfca41e62632177510ff021e92e2ad8bd5b8f655c30292e1e4d
            LuaEncode: Unable to serialize function]]
            return
        end,
        Arguments = {
            "Display Survivors",
            {
                {
                    Health = 100,
                    Player = game:GetService("Players")["201310140511"]
                },
                {
                    Health = 70.854400634766,
                    Player = game:GetService("Players").SB117_NOMusic
                },
                {
                    Health = 18,
                    Player = game:GetService("Players")["3368300165"]
                }
            },
            n = 2
        },
        Origin = game:GetService("Players").LocalPlayer.PlayerScripts["Client Loader"],
        IsExecutor = false,
        CreationTime = 1786980734.7339
    },
    EventType = "Incoming",
    RemoteInstanceInfo = {
        Path = "game:GetService(\"ReplicatedStorage\").Remotes.Round",
        Name = "Round",
        ClassName = "RemoteEvent"
    }
}
	-------------------- Generated Code --------------------
	-- This code was generated by Cobalt
-- https://gitlab.com/upio/cobalt

local Event = game:GetService("ReplicatedStorage").Remotes.Round
firesignal(Event.OnClientEvent, 
    "Display Survivors",
    {
        {
            Health = 100,
            Player = game:GetService("Players")["201310140511"]
        },
        {
            Health = 70.854400634766,
            Player = game:GetService("Players").SB117_NOMusic
        },
        {
            Health = 18,
            Player = game:GetService("Players")["3368300165"]
        }
    }
)
2026-08-17T07:32:150.850Z,562.401269,Incoming:Round,INFO Instance: Round (RemoteEvent)
	Path: game:GetService("ReplicatedStorage").Remotes.Round
	Status: Allowed
	Call Order In Log: 20
	-------------------- Event Data --------------------
	{
    CallOrderInLog = 20,
    DataFromHook = {
        Function = function(arg1, ...)
            --[[Name: Anonymous Function | Line: 152
            Upvalues: 1
            Function Hash: d10e15b2fe022286a2f7f82fe89b887f0eac106aa3b365f6eb87f46a7bb291d90ecd393ad5c80ce9c8cc5ff3a61f938c
            LuaEncode: Unable to serialize function]]
            return
        end,
        Arguments = {
            "Display Survivors",
            {
                {
                    Health = 100,
                    Player = game:GetService("Players")["201310140511"]
                },
                {
                    Health = 70.854400634766,
                    Player = game:GetService("Players").SB117_NOMusic
                },
                {
                    Health = 18,
                    Player = game:GetService("Players")["3368300165"]
                }
            },
            n = 2
        },
        Origin = game:GetService("Players").LocalPlayer.PlayerScripts["Client Loader"],
        IsExecutor = false,
        CreationTime = 1786980734.7341
    },
    EventType = "Incoming",
    RemoteInstanceInfo = {
        Path = "game:GetService(\"ReplicatedStorage\").Remotes.Round",
        Name = "Round",
        ClassName = "RemoteEvent"
    }
}
	-------------------- Generated Code --------------------
	-- This code was generated by Cobalt
-- https://gitlab.com/upio/cobalt

local Event = game:GetService("ReplicatedStorage").Remotes.Round
firesignal(Event.OnClientEvent, 
    "Display Survivors",
    {
        {
            Health = 100,
            Player = game:GetService("Players")["201310140511"]
        },
        {
            Health = 70.854400634766,
            Player = game:GetService("Players").SB117_NOMusic
        },
        {
            Health = 18,
            Player = game:GetService("Players")["3368300165"]
        }
    }
)
2026-08-17T07:32:150.870Z,562.421990,Incoming:Round,INFO Instance: Round (RemoteEvent)
	Path: game:GetService("ReplicatedStorage").Remotes.Round
	Status: Allowed
	Call Order In Log: 21
	-------------------- Event Data --------------------
	{
    CallOrderInLog = 21,
    DataFromHook = {
        Function = function(arg1, ...)
            --[[Name: Anonymous Function | Line: 14
            Upvalues: 1
            Function Hash: 09d2a4d9a051aad536f444d13872da8f1b059cca21fe31e49d5c7e597e59f23ab731956d15757fdecc390e4ea58b3844
            LuaEncode: Unable to serialize function]]
            return
        end,
        Arguments = {
            "Display Survivors",
            {
                {
                    Health = 100,
                    Player = game:GetService("Players")["201310140511"]
                },
                {
                    Health = 70.854400634766,
                    Player = game:GetService("Players").SB117_NOMusic
                },
                {
                    Health = 18,
                    Player = game:GetService("Players")["3368300165"]
                }
            },
            n = 2
        },
        Origin = game:GetService("Players").LocalPlayer.PlayerScripts["Client Loader"],
        IsExecutor = false,
        CreationTime = 1786980734.7342
    },
    EventType = "Incoming",
    RemoteInstanceInfo = {
        Path = "game:GetService(\"ReplicatedStorage\").Remotes.Round",
        Name = "Round",
        ClassName = "RemoteEvent"
    }
}
	-------------------- Generated Code --------------------
	-- This code was generated by Cobalt
-- https://gitlab.com/upio/cobalt

local Event = game:GetService("ReplicatedStorage").Remotes.Round
firesignal(Event.OnClientEvent, 
    "Display Survivors",
    {
        {
            Health = 100,
            Player = game:GetService("Players")["201310140511"]
        },
        {
            Health = 70.854400634766,
            Player = game:GetService("Players").SB117_NOMusic
        },
        {
            Health = 18,
            Player = game:GetService("Players")["3368300165"]
        }
    }
)
2026-08-17T07:32:570.986Z,604.538144,Outgoing:Lab,INFO Instance: Lab (RemoteEvent)
	Path: game:GetService("ReplicatedStorage").Remotes.Lab
	Status: Allowed
	Call Order In Log: 9
	-------------------- Event Data --------------------
	{
    CallOrderInLog = 9,
    DataFromHook = {
        IsExecutor = false,
        Arguments = {
            "Exit Lab",
            n = 1
        },
        CreationTime = 1786980776.8685,
        Origin = game:GetService("Players").LocalPlayer.PlayerScripts["Client Loader"]
    },
    EventType = "Outgoing",
    RemoteInstanceInfo = {
        Path = "game:GetService(\"ReplicatedStorage\").Remotes.Lab",
        Name = "Lab",
        ClassName = "RemoteEvent"
    }
}
	-------------------- Generated Code --------------------
	-- This code was generated by Cobalt
-- https://gitlab.com/upio/cobalt

local Event = game:GetService("ReplicatedStorage").Remotes.Lab
Event:FireServer(
    "Exit Lab"
)
